// Jest Snapshot v1, https://goo.gl/fbAQLP

exports[`should render header correctly 1`] = `
<header>
  <h1>
    Expensify
  </h1>
  <[object Object]
    activeClassName="is-active"
    exact={true}
    to="/"
  >
    Dashboard
  </[object Object]>
  <[object Object]
    activeClassName="is-active"
    to="/create"
  >
    Create Expenses
  </[object Object]>
  <[object Object]
    activeClassName="is-active"
    to="/help"
  >
    Help
  </[object Object]>
</header>
`;
